========================================================================================================
 CLIME SPARSE PRECISION INVERSION -- n << d ACTIVATION CROSS-TALK (Ch.4 §4.4.3)
 Decoupled l1 linear programs vs a direct inverse, graphical lasso and Ledoit-Wolf shrinkage
========================================================================================================

[1/4] Recovery against a known sparse precision matrix (d=32)...
(null): No such file or directory
(null): No such file or directory
  Ground truth carries 36 off-diagonal edges out of 496 possible.
  --------------------------------------------------------------------------------------------------------
      n    n/d |         method | F1 (NLL-sel) | F1 (eBIC) | precision |  recall | oracle F1 |  max|Theta|
  --------------------------------------------------------------------------------------------------------
      8   0.25 |          clime |       not PD |    not PD |    not PD |  not PD |     0.000 |    8.05e-01
      8   0.25 |         glasso |        0.225 |     0.225 |     0.162 |   0.372 |     0.233 |    1.16e+01
      8   0.25 |    ledoit_wolf |        0.137 |     0.137 |     0.073 |   0.994 |     0.137 |    1.11e+00
      8   0.25 |  naive_inverse |       not PD |    not PD |    not PD |  not PD |     0.135 |    5.80e+16
      8   0.25 |  ridge_inverse |        0.136 |     0.135 |     0.073 |   0.994 |     0.136 |    1.87e+01
  --------------------------------------------------------------------------------------------------------
     16   0.50 |          clime |        0.011 |     0.011 |     0.200 |   0.006 |     0.108 |    1.71e+00
     16   0.50 |         glasso |        0.378 |     0.380 |     0.318 |   0.489 |     0.380 |    5.98e+00
     16   0.50 |    ledoit_wolf |        0.137 |     0.137 |     0.074 |   1.000 |     0.137 |    9.21e-01
     16   0.50 |  naive_inverse |       not PD |    not PD |    not PD |  not PD |     0.135 |    3.08e+16
     16   0.50 |  ridge_inverse |        0.135 |     0.135 |     0.073 |   0.994 |     0.136 |    1.51e+01
  --------------------------------------------------------------------------------------------------------
     32   1.00 |          clime |        0.404 |     0.328 |     0.422 |   0.500 |     0.408 |    1.55e+02
     32   1.00 |         glasso |        0.401 |     0.491 |     0.264 |   0.839 |     0.510 |    3.02e+00
     32   1.00 |    ledoit_wolf |        0.137 |     0.137 |     0.074 |   0.994 |     0.137 |    9.33e-01
     32   1.00 |  naive_inverse |       not PD |    not PD |    not PD |  not PD |     0.135 |    2.57e+15
     32   1.00 |  ridge_inverse |        0.137 |     0.135 |     0.073 |   1.000 |     0.137 |    8.90e+00
  --------------------------------------------------------------------------------------------------------
     64   2.00 |          clime |        0.595 |     0.522 |     0.512 |   0.878 |     0.772 |    2.95e+00
     64   2.00 |         glasso |        0.407 |     0.637 |     0.257 |   0.978 |     0.732 |    1.89e+00
     64   2.00 |    ledoit_wolf |        0.137 |     0.137 |     0.074 |   1.000 |     0.137 |    9.87e-01
     64   2.00 |  naive_inverse |        0.136 |     0.136 |     0.073 |   1.000 |     0.136 |    3.95e+00
     64   2.00 |  ridge_inverse |        0.137 |     0.136 |     0.074 |   1.000 |     0.137 |    2.90e+00
  --------------------------------------------------------------------------------------------------------
    128   4.00 |          clime |        0.508 |     0.922 |     0.342 |   0.994 |     0.922 |    1.48e+00
    128   4.00 |         glasso |        0.364 |     0.844 |     0.227 |   1.000 |     0.892 |    1.29e+00
    128   4.00 |    ledoit_wolf |        0.137 |     0.137 |     0.074 |   1.000 |     0.137 |    1.00e+00
    128   4.00 |  naive_inverse |        0.136 |     0.136 |     0.073 |   1.000 |     0.136 |    1.83e+00
    128   4.00 |  ridge_inverse |        0.137 |     0.136 |     0.074 |   1.000 |     0.138 |    1.60e+00
  --------------------------------------------------------------------------------------------------------
    256   8.00 |          clime |        0.339 |     0.762 |     0.204 |   1.000 |     0.969 |    1.17e+00
    256   8.00 |         glasso |        0.434 |     0.785 |     0.277 |   1.000 |     0.944 |    1.14e+00
    256   8.00 |    ledoit_wolf |        0.137 |     0.137 |     0.074 |   1.000 |     0.137 |    1.05e+00
    256   8.00 |  naive_inverse |        0.137 |     0.137 |     0.073 |   1.000 |     0.137 |    1.39e+00
    256   8.00 |  ridge_inverse |        0.137 |     0.137 |     0.074 |   1.000 |     0.139 |    1.26e+00
  --------------------------------------------------------------------------------------------------------

[2/4] Feasibility frontier and the entrywise guarantee...
  d=32, n=16 (n/d=0.50), theory scale lambda=0.931
  --------------------------------------------------------------------------------------------------------
   lambda |  feasible |  ||S0-I||inf | <= lambda |  after sym |  sym gap | sparsity |     F1
  --------------------------------------------------------------------------------------------------------
    0.050 |        0% |          n/a |      True |     1.0000 |    0.000 |    1.000 |  0.000
    0.100 |        0% |          n/a |      True |     1.0000 |    0.000 |    1.000 |  0.000
    0.200 |       34% |       0.2000 |      True |     1.0198 |    0.580 |    0.972 |  0.080
    0.300 |       97% |       0.3000 |      True |     1.0443 |    0.778 |    0.978 |  0.043
    0.450 |      100% |       0.4500 |      True |     0.5579 |    0.154 |    1.000 |  0.000
    0.600 |      100% |       0.6000 |      True |     0.6692 |    0.121 |    1.000 |  0.000
  --------------------------------------------------------------------------------------------------------

[3/4] Column decoupling -> thread scaling...
   workers |   wall s |  speedup |  critical path ms | ideal bound
  ----------------------------------------------------------------------
         1 |    0.234 |    1.00x |              3.93 |       59.5x
         2 |    0.123 |    1.90x |              7.68 |       31.7x
         4 |    0.097 |    2.41x |             15.66 |       24.1x

[4/4] REAL per-head activations, decode-sized windows...
  128 head features from 41535 real token positions (lambda=0.3)
  ------------------------------------------------------------------------------------------
   window |    n/d |  edges A |  edges B |  Jaccard |  feasible |       ms
  ------------------------------------------------------------------------------------------
        8 |   0.06 |        0 |        0 |      nan |        0% |    493.6
       16 |   0.12 |       18 |       14 |    0.000 |       22% |    569.8
       32 |   0.25 |       81 |       86 |    0.000 |       95% |    557.9
       64 |   0.50 |       79 |       80 |    0.032 |      100% |    536.2
      128 |   1.00 |       93 |      101 |    0.176 |      100% |    534.1
      256 |   2.00 |      100 |      105 |    0.250 |      100% |    530.7
      512 |   4.00 |      110 |      116 |    0.387 |      100% |    534.2
     1024 |   8.00 |      133 |      126 |    0.472 |      100% |    532.5
  ------------------------------------------------------------------------------------------

========================================================================================================
 VERDICT
========================================================================================================
  Entrywise guarantee ||S*Theta - I||_inf <= lambda held on every feasible column: True
  Column decoupling: 2.41x measured on threads, against an embarrassingly-parallel bound of 24.1x.
  Direct inverse at n/d=0.25 reaches entries of 5.8e+16 and is never positive definite -- the failure CLIME exists to avoid is real and measured.
========================================================================================================
(null): No such file or directory
(null): No such file or directory

[telemetry] /home/mihai/Projects/gnn-experiment/results/benchmarks/clime_precision_inversion.json
